<i> [Module Federation Manifest Plugin] [ Module Federation Manifest Plugin ] Manifest Link: http://localhost:3002/_next/static/chunks/mf-manifest.json 
<i> [Module Federation Manifest Plugin] [ Module Federation Manifest Plugin ] Manifest Link: http://localhost:3002/_next/static/chunks/mf-manifest.json 
<w> [webpack.cache.PackFileCacheStrategy] Skipped not serializable cache item 'Compilation/modules|container entry (default) [["./AutobusesModule",{"import":["./src/autobuses/pages"],"name":"__federation_expose_AutobusesModule"}],["./DisponibilidadModule",{"import":["./src/disponibilidad-servicios/pages"],"name":"__federation_expose_DisponibilidadModule"}],["./ServiciosModule",{"import":["./src/servicios/pages"],"name":"__federation_expose_ServiciosModule"}],["./InstitucionesModule",{"import":["./src/instituciones/pages"],"name":"__federation_expose_InstitucionesModule"}],["./exports",{"import":["./src/federation/index"],"name":"__federation_expose_exports"}],["./ConductoresModule",{"import":["./src/conductores/pages"],"name":"__federation_expose_ConductoresModule"}]] C:\Users\salem\Downloads\sistema_viajes\apps\frontends\catalogos-front\node_modules\.federation\entry.2037f56645e32dbefea7b21c5115e75a.js': No serializer registered for ContainerEntryModule
<w> while serializing webpack/lib/cache/PackFileCacheStrategy.PackContentItems -> ContainerEntryModule
<w> [webpack.cache.PackFileCacheStrategy] Skipped not serializable cache item 'Compilation/modules|consume-shared-module|default|react|false|false|C:\Users\salem\Downloads\sistema_viajes\node_modules\.pnpm\react@19.3.0-canary-3f0b9e61-20260317\node_modules\react\index.js|true|false|undefined': No serializer registered for ConsumeSharedModule
<w> while serializing webpack/lib/cache/PackFileCacheStrategy.PackContentItems -> ConsumeSharedModule
<w> [webpack.cache.PackFileCacheStrategy] Skipped not serializable cache item 'Compilation/modules|consume-shared-module|default|@react-three/drei|false|false|C:\Users\salem\Downloads\sistema_viajes\node_modules\.pnpm\@react-three+drei@10.7.7_@r_bd1a3c1932ef012d85719959294a90d9\node_modules\@react-three\drei\index.cjs.js|true|false|undefined': No serializer registered for ConsumeSharedModule
<w> while serializing webpack/lib/cache/PackFileCacheStrategy.PackContentItems -> ConsumeSharedModule
<w> [webpack.cache.PackFileCacheStrategy] Skipped not serializable cache item 'Compilation/modules|consume-shared-module|default|three|false|false|C:\Users\salem\Downloads\sistema_viajes\node_modules\.pnpm\three@0.184.0\node_modules\three\build\three.cjs|true|false|undefined': No serializer registered for ConsumeSharedModule
<w> while serializing webpack/lib/cache/PackFileCacheStrategy.PackContentItems -> ConsumeSharedModule
<w> [webpack.cache.PackFileCacheStrategy] Skipped not serializable cache item 'Compilation/modules|consume-shared-module|default|@react-three/fiber|false|false|C:\Users\salem\Downloads\sistema_viajes\node_modules\.pnpm\@react-three+fiber@9.6.1_@t_130f7fdd37a61c06283d30f3e8b4105d\node_modules\@react-three\fiber\dist\react-three-fiber.cjs.js|true|false|undefined': No serializer registered for ConsumeSharedModule
<w> while serializing webpack/lib/cache/PackFileCacheStrategy.PackContentItems -> ConsumeSharedModule
<w> [webpack.cache.PackFileCacheStrategy] Skipped not serializable cache item 'Compilation/modules|consume-shared-module|default|@mui/material|false|false|C:\Users\salem\Downloads\sistema_viajes\node_modules\.pnpm\@mui+material@9.2.0_@emotio_6251ef78cc103d23a5cfb88cc5d262f0\node_modules\@mui\material\index.js|true|false|undefined': No serializer registered for ConsumeSharedModule
<w> while serializing webpack/lib/cache/PackFileCacheStrategy.PackContentItems -> ConsumeSharedModule
<w> [webpack.cache.PackFileCacheStrategy] Skipped not serializable cache item 'Compilation/modules|consume-shared-module|default|react-dom|false|false|C:\Users\salem\Downloads\sistema_viajes\node_modules\.pnpm\react-dom@19.3.0-canary-3f0_4aa17322957fd0c38ddd73a193f33353\node_modules\react-dom\index.js|true|false|undefined': No serializer registered for ConsumeSharedModule
<w> while serializing webpack/lib/cache/PackFileCacheStrategy.PackContentItems -> ConsumeSharedModule
<w> [webpack.cache.PackFileCacheStrategy] Skipped not serializable cache item 'Compilation/modules|consume-shared-module|default|@emotion/styled|false|false|C:\Users\salem\Downloads\sistema_viajes\node_modules\.pnpm\@emotion+styled@11.14.1_@em_f6b969d8b019bc9f48b340987fcdd5fd\node_modules\@emotion\styled\dist\emotion-styled.browser.development.esm.js|true|false|undefined': No serializer registered for ConsumeSharedModule
<w> while serializing webpack/lib/cache/PackFileCacheStrategy.PackContentItems -> ConsumeSharedModule
<w> [webpack.cache.PackFileCacheStrategy] Skipped not serializable cache item 'Compilation/modules|consume-shared-module|default|@emotion/react|false|false|C:\Users\salem\Downloads\sistema_viajes\node_modules\.pnpm\@emotion+react@11.14.0_@typ_fc3b34abf619fe92313d309bf7c9d4fc\node_modules\@emotion\react\dist\emotion-react.browser.development.esm.js|true|false|undefined': No serializer registered for ConsumeSharedModule
<w> while serializing webpack/lib/cache/PackFileCacheStrategy.PackContentItems -> ConsumeSharedModule
<w> [webpack.cache.PackFileCacheStrategy] Skipped not serializable cache item 'Compilation/modules|consume-shared-module|default|@emotion/styled|false|false|C:\Users\salem\Downloads\sistema_viajes\node_modules\.pnpm\@emotion+styled@11.14.1_@em_6c037e57ff9e38ef1fc0dca132442668\node_modules\@emotion\styled\dist\emotion-styled.browser.development.esm.js|true|false|undefined': No serializer registered for ConsumeSharedModule
<w> while serializing webpack/lib/cache/PackFileCacheStrategy.PackContentItems -> ConsumeSharedModule
<w> [webpack.cache.PackFileCacheStrategy] Skipped not serializable cache item 'Compilation/modules|consume-shared-module|default|@emotion/react|false|false|C:\Users\salem\Downloads\sistema_viajes\node_modules\.pnpm\@emotion+react@11.14.0_@types+react@19.2.17_react@19.2.4\node_modules\@emotion\react\dist\emotion-react.browser.development.esm.js|true|false|undefined': No serializer registered for ConsumeSharedModule
<w> while serializing webpack/lib/cache/PackFileCacheStrategy.PackContentItems -> ConsumeSharedModule
<w> [webpack.cache.PackFileCacheStrategy] Skipped not serializable cache item 'Compilation/modules|provide module (default) react@19.3.0-canary-3f0b9e61-20260317 = C:\Users\salem\Downloads\sistema_viajes\node_modules\.pnpm\react@19.3.0-canary-3f0b9e61-20260317\node_modules\react\index.js': No serializer registered for ProvideSharedModule
<w> while serializing webpack/lib/cache/PackFileCacheStrategy.PackContentItems -> ProvideSharedModule
<w> [webpack.cache.PackFileCacheStrategy] Skipped not serializable cache item 'Compilation/modules|provide module (default) @react-three/drei@10.7.7 = C:\Users\salem\Downloads\sistema_viajes\node_modules\.pnpm\@react-three+drei@10.7.7_@r_bd1a3c1932ef012d85719959294a90d9\node_modules\@react-three\drei\index.cjs.js': No serializer registered for ProvideSharedModule
<w> while serializing webpack/lib/cache/PackFileCacheStrategy.PackContentItems -> ProvideSharedModule
<w> [webpack.cache.PackFileCacheStrategy] Skipped not serializable cache item 'Compilation/modules|provide module (default) three@0.184.0 = C:\Users\salem\Downloads\sistema_viajes\node_modules\.pnpm\three@0.184.0\node_modules\three\build\three.cjs': No serializer registered for ProvideSharedModule
<w> while serializing webpack/lib/cache/PackFileCacheStrategy.PackContentItems -> ProvideSharedModule
<w> [webpack.cache.PackFileCacheStrategy] Skipped not serializable cache item 'Compilation/modules|provide module (default) @react-three/fiber@9.6.1 = C:\Users\salem\Downloads\sistema_viajes\node_modules\.pnpm\@react-three+fiber@9.6.1_@t_130f7fdd37a61c06283d30f3e8b4105d\node_modules\@react-three\fiber\dist\react-three-fiber.cjs.js': No serializer registered for ProvideSharedModule
<w> while serializing webpack/lib/cache/PackFileCacheStrategy.PackContentItems -> ProvideSharedModule
<w> [webpack.cache.PackFileCacheStrategy] Skipped not serializable cache item 'Compilation/modules|provide module (default) @mui/material@9.2.0 = C:\Users\salem\Downloads\sistema_viajes\node_modules\.pnpm\@mui+material@9.2.0_@emotio_6251ef78cc103d23a5cfb88cc5d262f0\node_modules\@mui\material\index.js': No serializer registered for ProvideSharedModule
<w> while serializing webpack/lib/cache/PackFileCacheStrategy.PackContentItems -> ProvideSharedModule
<w> [webpack.cache.PackFileCacheStrategy] Skipped not serializable cache item 'Compilation/modules|provide module (default) react-dom@19.3.0-canary-3f0b9e61-20260317 = C:\Users\salem\Downloads\sistema_viajes\node_modules\.pnpm\react-dom@19.3.0-canary-3f0_4aa17322957fd0c38ddd73a193f33353\node_modules\react-dom\index.js': No serializer registered for ProvideSharedModule
<w> while serializing webpack/lib/cache/PackFileCacheStrategy.PackContentItems -> ProvideSharedModule
<w> [webpack.cache.PackFileCacheStrategy] Skipped not serializable cache item 'Compilation/modules|provide module (default) @emotion/styled@11.14.1 = C:\Users\salem\Downloads\sistema_viajes\node_modules\.pnpm\@emotion+styled@11.14.1_@em_f6b969d8b019bc9f48b340987fcdd5fd\node_modules\@emotion\styled\dist\emotion-styled.browser.development.esm.js': No serializer registered for ProvideSharedModule
<w> while serializing webpack/lib/cache/PackFileCacheStrategy.PackContentItems -> ProvideSharedModule
<w> [webpack.cache.PackFileCacheStrategy] Skipped not serializable cache item 'Compilation/modules|provide module (default) @emotion/react@11.14.0 = C:\Users\salem\Downloads\sistema_viajes\node_modules\.pnpm\@emotion+react@11.14.0_@typ_fc3b34abf619fe92313d309bf7c9d4fc\node_modules\@emotion\react\dist\emotion-react.browser.development.esm.js': No serializer registered for ProvideSharedModule
<w> while serializing webpack/lib/cache/PackFileCacheStrategy.PackContentItems -> ProvideSharedModule
<w> [webpack.cache.PackFileCacheStrategy] Skipped not serializable cache item 'Compilation/modules|provide module (default) @emotion/styled@11.14.1 = C:\Users\salem\Downloads\sistema_viajes\node_modules\.pnpm\@emotion+styled@11.14.1_@em_6c037e57ff9e38ef1fc0dca132442668\node_modules\@emotion\styled\dist\emotion-styled.browser.development.esm.js': No serializer registered for ProvideSharedModule
<w> while serializing webpack/lib/cache/PackFileCacheStrategy.PackContentItems -> ProvideSharedModule
<w> [webpack.cache.PackFileCacheStrategy] Skipped not serializable cache item 'Compilation/modules|provide module (default) @emotion/react@11.14.0 = C:\Users\salem\Downloads\sistema_viajes\node_modules\.pnpm\@emotion+react@11.14.0_@types+react@19.2.17_react@19.2.4\node_modules\@emotion\react\dist\emotion-react.browser.development.esm.js': No serializer registered for ProvideSharedModule
<w> while serializing webpack/lib/cache/PackFileCacheStrategy.PackContentItems -> ProvideSharedModule
<i> [Module Federation Manifest Plugin] [ Module Federation Manifest Plugin ] Manifest Link: http://localhost:3002/_next/static/chunks/mf-manifest.json 
<i> [Module Federation Manifest Plugin] [ Module Federation Manifest Plugin ] Manifest Link: http://localhost:3002/_next/static/chunks/mf-manifest.json 
<i> [Module Federation Manifest Plugin] [ Module Federation Manifest Plugin ] Manifest Link: http://localhost:3002/_next/static/chunks/mf-manifest.json 
<i> [Module Federation Manifest Plugin] [ Module Federation Manifest Plugin ] Manifest Link: http://localhost:3002/_next/static/chunks/mf-manifest.json 
<i> [Module Federation Manifest Plugin] [ Module Federation Manifest Plugin ] Manifest Link: http://localhost:3002/_next/static/chunks/mf-manifest.json 
<i> [Module Federation Manifest Plugin] [ Module Federation Manifest Plugin ] Manifest Link: http://localhost:3002/_next/static/chunks/mf-manifest.json 
<i> [Module Federation Manifest Plugin] [ Module Federation Manifest Plugin ] Manifest Link: http://localhost:3002/_next/static/chunks/mf-manifest.json 
<w> [webpack.cache.PackFileCacheStrategy] Caching failed for pack: Error: ENOSPC: no space left on device, write
<i> [Module Federation Manifest Plugin] [ Module Federation Manifest Plugin ] Manifest Link: http://localhost:3002/_next/static/chunks/mf-manifest.json 
<i> [Module Federation Manifest Plugin] [ Module Federation Manifest Plugin ] Manifest Link: http://localhost:3002/_next/static/chunks/mf-manifest.json 
<i> [Module Federation Manifest Plugin] [ Module Federation Manifest Plugin ] Manifest Link: http://localhost:3002/_next/static/chunks/mf-manifest.json 
<i> [Module Federation Manifest Plugin] [ Module Federation Manifest Plugin ] Manifest Link: http://localhost:3002/_next/static/chunks/mf-manifest.json 
