<i> [Module Federation Manifest Plugin] [ Module Federation Manifest Plugin ] Manifest Link: http://localhost:3004/_next/static/chunks/mf-manifest.json 
<i> [Module Federation Manifest Plugin] [ Module Federation Manifest Plugin ] Manifest Link: http://localhost:3004/_next/static/chunks/mf-manifest.json 
<w> [webpack.cache.PackFileCacheStrategy] Skipped not serializable cache item 'Compilation/modules|container entry (default) [["./ViajesModule",{"import":["./src/viajes/pages"],"name":"__federation_expose_ViajesModule"}],["./SalidasModule",{"import":["./src/salidas/pages"],"name":"__federation_expose_SalidasModule"}],["./MetodosPagoModule",{"import":["./src/metodos_pago/pages"],"name":"__federation_expose_MetodosPagoModule"}],["./exports",{"import":["./src/federation"],"name":"__federation_expose_exports"}]] C:\Users\salem\Downloads\sistema_viajes\apps\frontends\operaciones-front\node_modules\.federation\entry.73488c409d3bbc6644064bada2a9d17b.js': No serializer registered for ContainerEntryModule
<w> while serializing webpack/lib/cache/PackFileCacheStrategy.PackContentItems -> ContainerEntryModule
<w> [webpack.cache.PackFileCacheStrategy] Skipped not serializable cache item 'Compilation/modules|consume-shared-module|default|react|false|false|C:\Users\salem\Downloads\sistema_viajes\node_modules\.pnpm\react@19.2.4\node_modules\react\index.js|true|false|undefined': No serializer registered for ConsumeSharedModule
<w> while serializing webpack/lib/cache/PackFileCacheStrategy.PackContentItems -> ConsumeSharedModule
<w> [webpack.cache.PackFileCacheStrategy] Skipped not serializable cache item 'Compilation/modules|consume-shared-module|default|@mui/material|false|false|C:\Users\salem\Downloads\sistema_viajes\node_modules\.pnpm\@mui+material@9.2.0_@emotio_34439897170fcc70202e05ee65ddb7d0\node_modules\@mui\material\index.mjs|true|false|undefined': No serializer registered for ConsumeSharedModule
<w> while serializing webpack/lib/cache/PackFileCacheStrategy.PackContentItems -> ConsumeSharedModule
<w> [webpack.cache.PackFileCacheStrategy] Skipped not serializable cache item 'Compilation/modules|consume-shared-module|default|react-dom|false|false|C:\Users\salem\Downloads\sistema_viajes\node_modules\.pnpm\react-dom@19.2.4_react@19.2.4\node_modules\react-dom\index.js|true|false|undefined': No serializer registered for ConsumeSharedModule
<w> while serializing webpack/lib/cache/PackFileCacheStrategy.PackContentItems -> ConsumeSharedModule
<w> [webpack.cache.PackFileCacheStrategy] Skipped not serializable cache item 'Compilation/modules|consume-shared-module|default|@emotion/styled|false|false|C:\Users\salem\Downloads\sistema_viajes\node_modules\.pnpm\@emotion+styled@11.14.1_@em_6c037e57ff9e38ef1fc0dca132442668\node_modules\@emotion\styled\dist\emotion-styled.browser.development.esm.js|true|false|undefined': No serializer registered for ConsumeSharedModule
<w> while serializing webpack/lib/cache/PackFileCacheStrategy.PackContentItems -> ConsumeSharedModule
<w> [webpack.cache.PackFileCacheStrategy] Skipped not serializable cache item 'Compilation/modules|consume-shared-module|default|@emotion/react|false|false|C:\Users\salem\Downloads\sistema_viajes\node_modules\.pnpm\@emotion+react@11.14.0_@types+react@19.2.17_react@19.2.4\node_modules\@emotion\react\dist\emotion-react.browser.development.esm.js|true|false|undefined': No serializer registered for ConsumeSharedModule
<w> while serializing webpack/lib/cache/PackFileCacheStrategy.PackContentItems -> ConsumeSharedModule
<w> [webpack.cache.PackFileCacheStrategy] Skipped not serializable cache item 'Compilation/modules|provide module (default) react@19.2.4 = C:\Users\salem\Downloads\sistema_viajes\node_modules\.pnpm\react@19.2.4\node_modules\react\index.js': No serializer registered for ProvideSharedModule
<w> while serializing webpack/lib/cache/PackFileCacheStrategy.PackContentItems -> ProvideSharedModule
<w> [webpack.cache.PackFileCacheStrategy] Skipped not serializable cache item 'Compilation/modules|provide module (default) @mui/material@9.2.0 = C:\Users\salem\Downloads\sistema_viajes\node_modules\.pnpm\@mui+material@9.2.0_@emotio_34439897170fcc70202e05ee65ddb7d0\node_modules\@mui\material\index.mjs': No serializer registered for ProvideSharedModule
<w> while serializing webpack/lib/cache/PackFileCacheStrategy.PackContentItems -> ProvideSharedModule
<w> [webpack.cache.PackFileCacheStrategy] Skipped not serializable cache item 'Compilation/modules|provide module (default) react-dom@19.2.4 = C:\Users\salem\Downloads\sistema_viajes\node_modules\.pnpm\react-dom@19.2.4_react@19.2.4\node_modules\react-dom\index.js': No serializer registered for ProvideSharedModule
<w> while serializing webpack/lib/cache/PackFileCacheStrategy.PackContentItems -> ProvideSharedModule
<w> [webpack.cache.PackFileCacheStrategy] Skipped not serializable cache item 'Compilation/modules|provide module (default) @emotion/styled@11.14.1 = C:\Users\salem\Downloads\sistema_viajes\node_modules\.pnpm\@emotion+styled@11.14.1_@em_6c037e57ff9e38ef1fc0dca132442668\node_modules\@emotion\styled\dist\emotion-styled.browser.development.esm.js': No serializer registered for ProvideSharedModule
<w> while serializing webpack/lib/cache/PackFileCacheStrategy.PackContentItems -> ProvideSharedModule
<w> [webpack.cache.PackFileCacheStrategy] Skipped not serializable cache item 'Compilation/modules|provide module (default) @emotion/react@11.14.0 = C:\Users\salem\Downloads\sistema_viajes\node_modules\.pnpm\@emotion+react@11.14.0_@types+react@19.2.17_react@19.2.4\node_modules\@emotion\react\dist\emotion-react.browser.development.esm.js': No serializer registered for ProvideSharedModule
<w> while serializing webpack/lib/cache/PackFileCacheStrategy.PackContentItems -> ProvideSharedModule
<i> [Module Federation Manifest Plugin] [ Module Federation Manifest Plugin ] Manifest Link: http://localhost:3004/_next/static/chunks/mf-manifest.json 
<i> [Module Federation Manifest Plugin] [ Module Federation Manifest Plugin ] Manifest Link: http://localhost:3004/_next/static/chunks/mf-manifest.json 
<i> [Module Federation Manifest Plugin] [ Module Federation Manifest Plugin ] Manifest Link: http://localhost:3004/_next/static/chunks/mf-manifest.json 
<i> [Module Federation Manifest Plugin] [ Module Federation Manifest Plugin ] Manifest Link: http://localhost:3004/_next/static/chunks/mf-manifest.json 
<i> [Module Federation Manifest Plugin] [ Module Federation Manifest Plugin ] Manifest Link: http://localhost:3004/_next/static/chunks/mf-manifest.json 
<i> [Module Federation Manifest Plugin] [ Module Federation Manifest Plugin ] Manifest Link: http://localhost:3004/_next/static/chunks/mf-manifest.json 
<i> [Module Federation Manifest Plugin] [ Module Federation Manifest Plugin ] Manifest Link: http://localhost:3004/_next/static/chunks/mf-manifest.json 
<i> [Module Federation Manifest Plugin] [ Module Federation Manifest Plugin ] Manifest Link: http://localhost:3004/_next/static/chunks/mf-manifest.json 
<i> [Module Federation Manifest Plugin] [ Module Federation Manifest Plugin ] Manifest Link: http://localhost:3004/_next/static/chunks/mf-manifest.json 
<i> [Module Federation Manifest Plugin] [ Module Federation Manifest Plugin ] Manifest Link: http://localhost:3004/_next/static/chunks/mf-manifest.json 
<i> [Module Federation Manifest Plugin] [ Module Federation Manifest Plugin ] Manifest Link: http://localhost:3004/_next/static/chunks/mf-manifest.json 
<i> [Module Federation Manifest Plugin] [ Module Federation Manifest Plugin ] Manifest Link: http://localhost:3004/_next/static/chunks/mf-manifest.json 
<i> [Module Federation Manifest Plugin] [ Module Federation Manifest Plugin ] Manifest Link: http://localhost:3004/_next/static/chunks/mf-manifest.json 
<i> [Module Federation Manifest Plugin] [ Module Federation Manifest Plugin ] Manifest Link: http://localhost:3004/_next/static/chunks/mf-manifest.json 
