
> @nexoroute/operaciones-front@1.0.0 dev
> next dev -p 3004

   ▲ Next.js 15.3.4
   - Local:        http://localhost:3004
   - Network:      http://192.168.0.14:3004
   - Environments: .env.local

 ✓ Starting...
 ✓ Ready in 42s
 ✓ Compiled in 5.5s (13055 modules)
 ✓ Compiled in 3.3s (13055 modules)
 ✓ Compiled in 31.1s (13055 modules)
 ✓ Compiled in 9.6s (13055 modules)
 ✓ Compiled in 163.2s (13055 modules)
 ✓ Compiled in 10.8s (13055 modules)
 ✓ Compiled in 110.2s (13055 modules)
 ✓ Compiled in 18.6s (13055 modules)
 ✓ Compiled in 13.2s (13055 modules)
 ✓ Compiled in 10.8s (13055 modules)
 ✓ Compiled in 4.8s (13055 modules)
 ✓ Compiled in 21s (13055 modules)
 ✓ Compiled in 5.1s (13055 modules)
[?25h
