[browser] SerializableStateInvariantMiddleware took 37ms, which is more than the warning threshold of 32ms. 
If your state or actions are very large, you may want to disable the middleware as it might cause too much of a slowdown in development mode. See https://redux-toolkit.js.org/api/getDefaultMiddleware for instructions.
It is disabled in production builds, so you don't need to worry about that.
[browser] Detected `scroll-behavior: smooth` on the `<html>` element. To disable smooth scrolling during route transitions, add `data-scroll-behavior="smooth"` to your <html> element. Learn more: https://nextjs.org/docs/messages/missing-data-scroll-behavior
[browser] [Federation] Fallo catastrófico al cargar 'catalogos/AutobusesModule': Error: [ Federation Runtime ]: Failed to load script resources. #RUNTIME-008
args: {"remoteName":"catalogos","resourceUrl":"http://localhost:3002/_next/static/chunks/remoteEntry.js"}
View the docs to see how to solve: https://module-federation.io/guide/troubleshooting/runtime#runtime-008
Original Error Message:
 ScriptNetworkError: Script "http://localhost:3002/_next/static/chunks/remoteEntry.js" timed out.
    at async loadableGenerated.modules [as loader] (src\lib\loadRemote.tsx:19:21)
  17 |           await import("@module-federation/enhanced/runtime");
  18 |
> 19 |         const mod = await loadRemote<Record<string, T>>(remote);
     |                     ^
  20 |
  21 |         // 1. Validar que el módulo remoto se haya descargado
  22 |         if (!mod) { (src\lib\loadRemote.tsx:44:17)
[browser] [Federation] Fallo catastrófico al cargar 'catalogos/AutobusesModule': Error: [ Federation Runtime ]: Failed to load script resources. #RUNTIME-008
args: {"remoteName":"catalogos","resourceUrl":"http://localhost:3002/_next/static/chunks/remoteEntry.js"}
View the docs to see how to solve: https://module-federation.io/guide/troubleshooting/runtime#runtime-008
Original Error Message:
 ScriptNetworkError: Script "http://localhost:3002/_next/static/chunks/remoteEntry.js" timed out.
    at async loadableGenerated.modules [as loader] (src\lib\loadRemote.tsx:19:21)
  17 |           await import("@module-federation/enhanced/runtime");
  18 |
> 19 |         const mod = await loadRemote<Record<string, T>>(remote);
     |                     ^
  20 |
  21 |         // 1. Validar que el módulo remoto se haya descargado
  22 |         if (!mod) { (src\lib\loadRemote.tsx:44:17)
[browser] Detected `scroll-behavior: smooth` on the `<html>` element. To disable smooth scrolling during route transitions, add `data-scroll-behavior="smooth"` to your <html> element. Learn more: https://nextjs.org/docs/messages/missing-data-scroll-behavior
[browser] [Federation] Fallo catastrófico al cargar 'operaciones/ViajesModule': Error: [ Federation Runtime ]: Failed to load script resources. #RUNTIME-008
args: {"remoteName":"operaciones","resourceUrl":"http://localhost:3004/_next/static/chunks/remoteEntry.js"}
View the docs to see how to solve: https://module-federation.io/guide/troubleshooting/runtime#runtime-008
Original Error Message:
 ScriptNetworkError: Script "http://localhost:3004/_next/static/chunks/remoteEntry.js" timed out.
    at async loadableGenerated.modules [as loader] (src\lib\loadRemote.tsx:19:21)
  17 |           await import("@module-federation/enhanced/runtime");
  18 |
> 19 |         const mod = await loadRemote<Record<string, T>>(remote);
     |                     ^
  20 |
  21 |         // 1. Validar que el módulo remoto se haya descargado
  22 |         if (!mod) { (src\lib\loadRemote.tsx:44:17)
[browser] [Federation] Fallo catastrófico al cargar 'operaciones/ViajesModule': Error: [ Federation Runtime ]: Failed to load script resources. #RUNTIME-008
args: {"remoteName":"operaciones","resourceUrl":"http://localhost:3004/_next/static/chunks/remoteEntry.js"}
View the docs to see how to solve: https://module-federation.io/guide/troubleshooting/runtime#runtime-008
Original Error Message:
 ScriptNetworkError: Failed to load script "http://localhost:3004/_next/static/chunks/remoteEntry.js" - the script URL is unreachable or the server returned an error (network failure, 404, CORS, etc.)
    at async loadableGenerated.modules [as loader] (src\lib\loadRemote.tsx:19:21)
  17 |           await import("@module-federation/enhanced/runtime");
  18 |
> 19 |         const mod = await loadRemote<Record<string, T>>(remote);
     |                     ^
  20 |
  21 |         // 1. Validar que el módulo remoto se haya descargado
  22 |         if (!mod) { (src\lib\loadRemote.tsx:44:17)
[browser] Detected `scroll-behavior: smooth` on the `<html>` element. To disable smooth scrolling during route transitions, add `data-scroll-behavior="smooth"` to your <html> element. Learn more: https://nextjs.org/docs/messages/missing-data-scroll-behavior
[browser] As of February 21st, 2024, google.maps.Marker is deprecated. Please use google.maps.marker.AdvancedMarkerElement instead. At this time, google.maps.Marker is not scheduled to be discontinued, but google.maps.marker.AdvancedMarkerElement is recommended over google.maps.Marker. While google.maps.Marker will continue to receive bug fixes for any major regressions, existing bugs in google.maps.Marker will not be addressed. At least 12 months notice will be given before support is discontinued. Please see https://developers.google.com/maps/deprecations for additional details and https://developers.google.com/maps/documentation/javascript/advanced-markers/migration for the migration guide. (https://maps.googleapis.com/maps-api-v3/api/js/65/12f/intl/es_419/main.js:414:208)
[browser] Google Maps JavaScript API error: InvalidKeyMapError
https://developers.google.com/maps/documentation/javascript/error-messages#invalid-key-map-error 
    at _.Bl (https://maps.googleapis.com/maps-api-v3/api/js/65/12f/intl/es_419/main.js:182:68)
    at Zya (https://maps.googleapis.com/maps-api-v3/api/js/65/12f/intl/es_419/map.js:44:263)
    at Wya (https://maps.googleapis.com/maps-api-v3/api/js/65/12f/intl/es_419/map.js:43:113)
    at Xya (https://maps.googleapis.com/maps-api-v3/api/js/65/12f/intl/es_419/map.js:41:409) (https://maps.googleapis.com/maps-api-v3/api/js/65/12f/intl/es_419/main.js:182:68)
[browser] Google Maps JavaScript API warning: InvalidKey https://developers.google.com/maps/documentation/javascript/error-messages#invalid-key (https://maps.googleapis.com/maps-api-v3/api/js/65/12f/intl/es_419/util.js:38:65)
[browser] Detected `scroll-behavior: smooth` on the `<html>` element. To disable smooth scrolling during route transitions, add `data-scroll-behavior="smooth"` to your <html> element. Learn more: https://nextjs.org/docs/messages/missing-data-scroll-behavior
[browser] Detected `scroll-behavior: smooth` on the `<html>` element. To disable smooth scrolling during route transitions, add `data-scroll-behavior="smooth"` to your <html> element. Learn more: https://nextjs.org/docs/messages/missing-data-scroll-behavior
[browser] Detected `scroll-behavior: smooth` on the `<html>` element. To disable smooth scrolling during route transitions, add `data-scroll-behavior="smooth"` to your <html> element. Learn more: https://nextjs.org/docs/messages/missing-data-scroll-behavior
[browser] Detected `scroll-behavior: smooth` on the `<html>` element. To disable smooth scrolling during route transitions, add `data-scroll-behavior="smooth"` to your <html> element. Learn more: https://nextjs.org/docs/messages/missing-data-scroll-behavior
[browser] Detected `scroll-behavior: smooth` on the `<html>` element. To disable smooth scrolling during route transitions, add `data-scroll-behavior="smooth"` to your <html> element. Learn more: https://nextjs.org/docs/messages/missing-data-scroll-behavior
[browser] Detected `scroll-behavior: smooth` on the `<html>` element. To disable smooth scrolling during route transitions, add `data-scroll-behavior="smooth"` to your <html> element. Learn more: https://nextjs.org/docs/messages/missing-data-scroll-behavior
[browser] Detected `scroll-behavior: smooth` on the `<html>` element. To disable smooth scrolling during route transitions, add `data-scroll-behavior="smooth"` to your <html> element. Learn more: https://nextjs.org/docs/messages/missing-data-scroll-behavior
[browser] Detected `scroll-behavior: smooth` on the `<html>` element. To disable smooth scrolling during route transitions, add `data-scroll-behavior="smooth"` to your <html> element. Learn more: https://nextjs.org/docs/messages/missing-data-scroll-behavior
[browser] THREE.Clock: This module has been deprecated. Please use THREE.Timer instead.
[browser] THREE.Clock: This module has been deprecated. Please use THREE.Timer instead.
[browser] THREE.WebGLProgram: Program Info Log: (210,81-129): warning X4122: sum of 0.996094 and -2.98545e-017 cannot be represented accurately in double precision
(209,37-61): warning X4122: sum of 1 and -1.49272e-017 cannot be represented accurately in double precision
(210,82-106): warning X4122: sum of 1 and -1.49272e-017 cannot be represented accurately in double precision
(209,37-61): warning X4122: sum of 1 and -1.66644e-018 cannot be represented accurately in double precision
(210,82-106): warning X4122: sum of 1 and -1.66644e-018 cannot be represented accurately in double precision


 
[browser] WebGL context lost, preventing default. (webpack-internal:///./src/tipos_autobus/components/Vehiculo3D.tsx:106:25)
[browser] Detected `scroll-behavior: smooth` on the `<html>` element. To disable smooth scrolling during route transitions, add `data-scroll-behavior="smooth"` to your <html> element. Learn more: https://nextjs.org/docs/messages/missing-data-scroll-behavior
[browser] Detected `scroll-behavior: smooth` on the `<html>` element. To disable smooth scrolling during route transitions, add `data-scroll-behavior="smooth"` to your <html> element. Learn more: https://nextjs.org/docs/messages/missing-data-scroll-behavior
[browser] Detected `scroll-behavior: smooth` on the `<html>` element. To disable smooth scrolling during route transitions, add `data-scroll-behavior="smooth"` to your <html> element. Learn more: https://nextjs.org/docs/messages/missing-data-scroll-behavior
[browser] Detected `scroll-behavior: smooth` on the `<html>` element. To disable smooth scrolling during route transitions, add `data-scroll-behavior="smooth"` to your <html> element. Learn more: https://nextjs.org/docs/messages/missing-data-scroll-behavior
[browser] THREE.Clock: This module has been deprecated. Please use THREE.Timer instead.
[browser] WebGL context lost, preventing default. (webpack-internal:///./src/tipos_autobus/components/Vehiculo3D.tsx:106:25)
[browser] THREE.Clock: This module has been deprecated. Please use THREE.Timer instead.
[browser] THREE.WebGLProgram: Program Info Log: (210,81-129): warning X4122: sum of 0.996094 and -2.98545e-017 cannot be represented accurately in double precision
(209,37-61): warning X4122: sum of 1 and -1.49272e-017 cannot be represented accurately in double precision
(210,82-106): warning X4122: sum of 1 and -1.49272e-017 cannot be represented accurately in double precision
(209,37-61): warning X4122: sum of 1 and -1.66644e-018 cannot be represented accurately in double precision
(210,82-106): warning X4122: sum of 1 and -1.66644e-018 cannot be represented accurately in double precision


 
⨯ ./src/app/signup/page.tsx:5:1
Module not found: Can't resolve '@mui/icons-material/CheckCircleOutline'
  3 | import { FormEvent, useState } from 'react';
  4 | import { Alert, Box, Button, CircularProgress, Container, LinearProgress, Paper, Stack, Tex...
> 5 | import CheckCircleOutlineIcon from '@mui/icons-material/CheckCircleOutline';
    | ^
  6 | import RadioButtonUncheckedIcon from '@mui/icons-material/RadioButtonUnchecked';
  7 | import { useRouter } from 'next/navigation';
  8 |

https://nextjs.org/docs/messages/module-not-found
[browser] ./src/app/signup/page.tsx:5:1
Module not found: Can't resolve '@mui/icons-material/CheckCircleOutline'
  3 | import { FormEvent, useState } from 'react';
  4 | import { Alert, Box, Button, CircularProgress, Container, LinearProgress, Paper, Stack, Tex...
> 5 | import CheckCircleOutlineIcon from '@mui/icons-material/CheckCircleOutline';
    | ^
  6 | import RadioButtonUncheckedIcon from '@mui/icons-material/RadioButtonUnchecked';
  7 | import { useRouter } from 'next/navigation';
  8 |

https://nextjs.org/docs/messages/module-not-found 
[browser] ./src/app/signup/page.tsx:5:1
Module not found: Can't resolve '@mui/icons-material/CheckCircleOutline'
  3 | import { FormEvent, useState } from 'react';
  4 | import { Alert, Box, Button, CircularProgress, Container, LinearProgress, Paper, Stack, Tex...
> 5 | import CheckCircleOutlineIcon from '@mui/icons-material/CheckCircleOutline';
    | ^
  6 | import RadioButtonUncheckedIcon from '@mui/icons-material/RadioButtonUnchecked';
  7 | import { useRouter } from 'next/navigation';
  8 |

https://nextjs.org/docs/messages/module-not-found 
[Error: ENOSPC: no space left on device, write] {
  errno: -4055,
  code: 'ENOSPC',
  syscall: 'write'
}
⨯ unhandledRejection: [Error: ENOSPC: no space left on device, write] {
  errno: -4055,
  code: 'ENOSPC',
  syscall: 'write'
}
⨯ unhandledRejection:  [Error: ENOSPC: no space left on device, write] {
  errno: -4055,
  code: 'ENOSPC',
  syscall: 'write'
}
<w> [webpack.cache.PackFileCacheStrategy] Caching failed for pack: Error: ENOSPC: no space left on device, write
<w> [webpack.cache.PackFileCacheStrategy] Caching failed for pack: Error: ENOSPC: no space left on device, write
⨯ [Error: ENOSPC: no space left on device, write] {
  errno: -4055,
  code: 'ENOSPC',
  syscall: 'write'
}
[Error: ENOSPC: no space left on device, write] {
  errno: -4055,
  code: 'ENOSPC',
  syscall: 'write'
}
[Error: ENOSPC: no space left on device, write] {
  errno: -4055,
  code: 'ENOSPC',
  syscall: 'write'
}
⨯ [Error: ENOSPC: no space left on device, write] {
  errno: -4055,
  code: 'ENOSPC',
  syscall: 'write'
}
[Error: ENOSPC: no space left on device, write] {
  errno: -4055,
  code: 'ENOSPC',
  syscall: 'write'
}
[Error: ENOSPC: no space left on device, write] {
  errno: -4055,
  code: 'ENOSPC',
  syscall: 'write'
}
⨯ [Error: ENOSPC: no space left on device, write] {
  errno: -4055,
  code: 'ENOSPC',
  syscall: 'write'
}
[Error: ENOSPC: no space left on device, write] {
  errno: -4055,
  code: 'ENOSPC',
  syscall: 'write'
}
[Error: ENOSPC: no space left on device, write] {
  errno: -4055,
  code: 'ENOSPC',
  syscall: 'write'
}
⨯ [Error: ENOSPC: no space left on device, write] {
  errno: -4055,
  code: 'ENOSPC',
  syscall: 'write'
}
[Error: ENOSPC: no space left on device, write] {
  errno: -4055,
  code: 'ENOSPC',
  syscall: 'write'
}
[Error: ENOSPC: no space left on device, write] {
  errno: -4055,
  code: 'ENOSPC',
  syscall: 'write'
}
⨯ [Error: ENOSPC: no space left on device, write] {
  errno: -4055,
  code: 'ENOSPC',
  syscall: 'write'
}
[Error: ENOSPC: no space left on device, write] {
  errno: -4055,
  code: 'ENOSPC',
  syscall: 'write'
}
[Error: ENOSPC: no space left on device, write] {
  errno: -4055,
  code: 'ENOSPC',
  syscall: 'write'
}
npm notice
npm notice New minor version of npm available! 11.9.0 -> 11.19.0
npm notice Changelog: https://github.com/npm/cli/releases/tag/v11.19.0
npm notice To update run: npm install -g npm@11.19.0
npm notice
